<?xml version="1.0" encoding="UTF-8"?>
<testsuites name="Mocha Tests" time="0.0000" tests="1" failures="1">
  <testsuite name="Root Suite" timestamp="2023-06-11T14:56:09" tests="0" file="cypress/e2e/spec.cy.js" time="0.0000" failures="0">
  </testsuite>
  <testsuite name="empty spec" timestamp="2023-06-11T14:56:09" tests="1" time="0.0000" failures="1">
    <testcase name="empty spec passes" time="0.0000" classname="passes">
      <failure message="Timed out after waiting `60000ms` for your remote page to load.

Your page did not fire its `load` event within `60000ms`.

You can try increasing the `pageLoadTimeout` value in `cypress.config.js` to wait longer.

Browsers will not fire the `load` event until all stylesheets and scripts are done downloading.

When this `load` event occurs, Cypress will continue running commands." type="CypressError"><![CDATA[CypressError: Timed out after waiting `60000ms` for your remote page to load.

Your page did not fire its `load` event within `60000ms`.

You can try increasing the `pageLoadTimeout` value in `cypress.config.js` to wait longer.

Browsers will not fire the `load` event until all stylesheets and scripts are done downloading.

When this `load` event occurs, Cypress will continue running commands.
    at timedOutWaitingForPageLoad (http://localhost:8080/__cypress/runner/cypress_runner.js:141074:72)
    at <unknown> (http://localhost:8080/__cypress/runner/cypress_runner.js:142255:16)
    at tryCatcher (http://localhost:8080/__cypress/runner/cypress_runner.js:11318:23)
    at <unknown> (http://localhost:8080/__cypress/runner/cypress_runner.js:6440:41)
    at tryCatcher (http://localhost:8080/__cypress/runner/cypress_runner.js:11318:23)
    at Promise._settlePromiseFromHandler (http://localhost:8080/__cypress/runner/cypress_runner.js:9253:31)
    at Promise._settlePromise (http://localhost:8080/__cypress/runner/cypress_runner.js:9310:18)
    at Promise._settlePromise0 (http://localhost:8080/__cypress/runner/cypress_runner.js:9355:10)
    at Promise._settlePromises (http://localhost:8080/__cypress/runner/cypress_runner.js:9431:18)
    at _drainQueueStep (http://localhost:8080/__cypress/runner/cypress_runner.js:6025:12)
    at _drainQueue (http://localhost:8080/__cypress/runner/cypress_runner.js:6018:9)
    at ../../node_modules/bluebird/js/release/async.js.Async._drainQueues (http://localhost:8080/__cypress/runner/cypress_runner.js:6034:5)
    at Async.drainQueues (http://localhost:8080/__cypress/runner/cypress_runner.js:5904:14)
From Your Spec Code:
    at Context.eval (webpack:///./cypress/e2e/spec.cy.js:3:7)]]></failure>
    </testcase>
  </testsuite>
</testsuites>